Correct
raid1 inode regions must be identical test-disk1 test-disk2
