Correct
allocated datablocks on test-disk1: found 17 expected 18
