Correct
total allocated datablocks on all disks: found 3 expected 1
