Correct
total allocated datablocks on all disks: found 6 expected 2
