Correct
total allocated datablocks on all disks: found 9 expected 3
