Correct
total allocated datablocks on all disks: found 66 expected 22
