Correct
total allocated datablocks on all disks: found 36 expected 12
