Correct
total allocated datablocks on all disks: found 54 expected either 18 or 20.
