Correct
allocated datablocks on test-disk1: found 3 expected 1
