Correct
file1 readback does not match data written
data written : 
Bytes 0-511: b'\x9d0\xe0\x10|\xeb\xd7\xeap\xf0\xeda\x03\x0c\x9f\x8c\xaf\xa7Rs\x05\x00\x00\x07+\x9c\xe7\xd9\xa4\rc\xe9\xd1\nT\xd36\x821\x18\x95\x06\xd5\xd0\xf7u5\xaf\n\xeb!\xc2\x19\x95R/\x90\xbc\x8f\x8c\xa9\x13XJ\xcd\xde\x16\x83\xe1Ko\xc9F\xe4\xe1+\xd4\xa2\xd6\xeb\xe8k)"\xef\x01\xee\x16\xc8\xe8p\x88>6\xdc\x80r\xdd^\x8aP\x10T\x83:{\x9b\xa8\xa3\x89U|y\x18d\x97\xf9\x9cs\xae@\x18\x92*>,\xce\x04\x91\xab\xd1&\xa7\r\xcd&\xcf\x16}\xdeL\xcc\xdf\x7f+\xa4\x1eu!_\xb9U\xd6\x9fn\xdd\xdc\x95R>\xcf\xfd\xc6\xd0\xbc\xf6\x94\xfa_\xb3;\x9e\xc7A/rwz\xdb\xd7\xd8r$;tn3\xb8\xe0\xf4 /\xd6\x83\xa2R\xf1b\xcc\x18^\xa2J\x05\xc6{\xcfX\xd2\x03i\xc9l\'[$m\x89w\xd7\x92\r\x00\x86C#X\x04\x00S\xf4\xd3\xbd\xf9\xb9\xaa\x15\xf0+\xfa\xbax\xe1\xb1\xf5Y^\xafr<\xbc\x0f\x7f\x8c\xcb\x1c\xc3j/u\x81{\xb8\xe9$\xdc\xbey\xcc\xe6\xf3;]OF\xe8Fn\x8a"J)\xe49\xe0\xd3\xf3\xf1\xcd_$\\YGC\x81,\xfe\xbe\xf0\x89\x1d\xdb\x9f\xad\x89;%\x89\xd9c\xc5<Y\rCwW\xc7\xea%*\x18>\xd8\xf0\xf8+\x18\x0b3\x0fR%?m\x87)\xd4\xc77\x0f\xaa\xb8\x02\x0b(\xff\xb9\xcc.\xda1N\x1a.,+\x99D\xa6[\x0c\xc8\xcf7\xd5\x97\xbb\xafG\x8f@9\x07\x8b\x9as\xa33F\xdc\xd1\xb8i\xcc\xde\x87l\x87\xcd\xc7\x86\xcd}<u/!\xd9)\xd5\x9a1\x02\xf2\tW\x9d_\x1f\xd7\xca\xa31\xdaj\xfe\x07\xb7\x17\x82\xdcC\x9f\xfd\xc7\xec\xe9=\xd8#l\x0fx\xa7\xcc\xe8.\x8cU\x99H\xdc\xd2\xc5\xdcLs\xb8\x9f\xdd\x19l\x8d\xb7\x8a\x99\xe7M\x80>\xd5\xec\x8b\xabZ\x81\xfe\x0f\x07\x94\xf7\xaccv\xdb\x7f\x1d\xb9\xb7\x02\x0fB\x08n\xe4d\xbd/\xea\xb3V\xee\x94{\xc4\xb8iD\xea\xf0\x10\x90\xb0\xfa1^}\x17m\xc6'

Bytes 512-999: b'\xe5\x98\x90B\xcbU\x90\xc5\xf1\x13>\x94S\xdb\xf6\x86\xe4?\\\x06\x8a\x85\\\xdb\xa5\x92\xb8;\x8b@\r\xbavS)l\x7f\x94\x8c\xff\x14\xb9/\x11\x83\xe6\xbc%\x9fk=I?\x97\xcdR\xdb\xa0\xa1X\xc7\x93\x91\x1f\xdc\xf6\xe1\xe3\x06\xc2G\xcf\x9e\xbe\x9d\xf2\xe3\xa0\x89\xfd\x17E\x15\xd5A\xb1\x14\x96\xeb\x0b#\xac\x13N\xc9v\x89\xdf\x03F\r3[x8\x01\xb5\x96\xae\xe7,l\xa6v\xfa\xa5K,A+\xaf\x83eM2\xedS\x0b`"\xb5pU\x89/]O\xb8\xb7 \xd8\x8a\xf2\xb1\x8et\xee\x14|\xc8\xb7LPbWU\xc03\x14+ \x14\x14\x8cU\x1b\xc0\x81\xbcWY\x82\xdf\xd2\xd9\xeav\xd5m\x07Z\xaf\xd6C\x9b\x7fTc\x1b\x0fRw\x87H\x848i\x7f\x15?\x8b\xb1\x05\x91i)0\xd3\t1\xc8p\xa6W\x8f\xdeLL\xb1S\xad\xc7\xda\xf0\xc9\xda\x08r\xaa\x15\xd9i\xe2\x12\xf0coZ\xcf\xa3D\x1b\x9c\xd5\x80\xb9\x97mF\x18\x8e\xbbm\n,\x9b\xe2\xb7\xbc]\xb6"o\xd7\xe64\x99;" \xec\xb0G\xd6\xf6\\\xe4X\x1e\xa6F\x94\x82N\x8fh\xc1_+Z\xef\x9cl=C\x88\x8b\xf7\xc4\xe1\x15\xe8?Ih\x81o\x06\x07/\xdb\xc1*\xbd\xa7^\xfd?\xecP\x93o`p"\x0fx\x16\xaf\xd3p\x9f6B\x06\x8a\x19q\x9aid\x82S\xad\x9bD>\xdf\xab\xb4\xb1\n;2N_\xadb\x96,\x13\xc2\x81\x91D\xfc\x88\xf1\xa90\x99Pv\xae\x06\x18\x8a3\r"m\xd0\xa1\xb2UUO\x1e\xccd\xbb6\x13\xd9\xe3\xec\xf41M\x8e\xd5\xb2\xc4\xb6\x0e\xb1N\x91\xf3f\x0c\x96\xe6\xa6\xca\x1b\x8d\xcb\xe8nP]1\x94\xccd\xb6v\xe9y\xd2q\x05\xc4\xb5\xdc\x16\x81\x800(v\x90\xae\x1dF\x16\xcb\xbcYX.\xa3\x9b\xfb\x138S\x83\x1e,\xe5,Y\x8b\x11-\t\xd6\xbc\x89C\x10\xa0\x85\xf16X\x03^\x8e\xbc\x13\xb6\x01Qd\x05'




data read : 
Bytes 0-511: b'\x9d0\xe0\x10|\xeb\xd7\xeap\xf0\xeda\x03\x0c\x9f\x8c\xaf\xa7Rs\x05\x00\x00\x07+\x9c\xe7\xd9\xa4\rc\xe9\xd1\nT\xd36\x821\x18\x95\x06\xd5\xd0\xf7u5\xaf\n\xeb!\xc2\x19\x95R/\x90\xbc\x8f\x8c\xa9\x13XJ\xcd\xde\x16\x83\xe1Ko\xc9F\xe4\xe1+\xd4\xa2\xd6\xeb\xe8k)"\xef\x01\xee\x16\xc8\xe8p\x88>6\xdc\x80r\xdd^\x8aP\x10T\x83:{\x9b\xa8\xa3\x89U|y\x18d\x97\xf9\x9cs\xae@\x18\x92*>,\xce\x04\x91\xab\xd1&\xa7\r\xcd&\xcf\x16}\xdeL\xcc\xdf\x7f+\xa4\x1eu!_\xb9U\xd6\x9fn\xdd\xdc\x95R>\xcf\xfd\xc6\xd0\xbc\xf6\x94\xfa_\xb3;\x9e\xc7A/rwz\xdb\xd7\xd8r$;tn3\xb8\xe0\xf4 /\xd6\x83\xa2R\xf1b\xcc\x18^\xa2J\x05\xc6{\xcfX\xd2\x03i\xc9l\'[$m\x89w\xd7\x92\r\x00\x86C#X\x04\x00S\xf4\xd3\xbd\xf9\xb9\xaa\x15\xf0+\xfa\xbax\xe1\xb1\xf5Y^\xafr<\xbc\x0f\x7f\x8c\xcb\x1c\xc3j/u\x81{\xb8\xe9$\xdc\xbey\xcc\xe6\xf3;]OF\xe8Fn\x8a"J)\xe49\xe0\xd3\xf3\xf1\xcd_$\\YGC\x81,\xfe\xbe\xf0\x89\x1d\xdb\x9f\xad\x89;%\x89\xd9c\xc5<Y\rCwW\xc7\xea%*\x18>\xd8\xf0\xf8+\x18\x0b3\x0fR%?m\x87)\xd4\xc77\x0f\xaa\xb8\x02\x0b(\xff\xb9\xcc.\xda1N\x1a.,+\x99D\xa6[\x0c\xc8\xcf7\xd5\x97\xbb\xafG\x8f@9\x07\x8b\x9as\xa33F\xdc\xd1\xb8i\xcc\xde\x87l\x87\xcd\xc7\x86\xcd}<u/!\xd9)\xd5\x9a1\x02\xf2\tW\x9d_\x1f\xd7\xca\xa31\xdaj\xfe\x07\xb7\x17\x82\xdcC\x9f\xfd\xc7\xec\xe9=\xd8#l\x0fx\xa7\xcc\xe8.\x8cU\x99H\xdc\xd2\xc5\xdcLs\xb8\x9f\xdd\x19l\x8d\xb7\x8a\x99\xe7M\x80>\xd5\xec\x8b\xabZ\x81\xfe\x0f\x07\x94\xf7\xaccv\xdb\x7f\x1d\xb9\xb7\x02\x0fB\x08n\xe4d\xbd/\xea\xb3V\xee\x94{\xc4\xb8iD\xea\xf0\x10\x90\xb0\xfa1^}\x17m\xc6'

Bytes 512-999: b'\xe5\x98\x90B\xcbU\x90\xc5\xf1\x13>\x94S\xdb\xf6\x86\xe4?\\\x06\x8a\x85\\\xdb\xa5\x92\xb8;\x8b@\r\xbavS)l\x7f\x94\x8c\xff\x14\xb9/\x11\x83\xe6\xbc%\x9fk=I?\x97\xcdR\xdb\xa0\xa1X\xc7\x93\x91\x1f\xdc\xf6\xe1\xe3\x06\xc2G\xcf\x9e\xbe\x9d\xf2\xe3\xa0\x89\xfd\x17E\x15\xd5A\xb1\x14\x96\xeb\x0b#\xac\x13N\xc9v\x89\xdf\x03F\r3[x8\x01\xb5\x96\xae\xe7,l\xa6v\xfa\xa5K,A+\xaf\x83eM2\xedS\x0b`"\xb5pU\x89/]O\xb8\xb7 \xd8\x8a\xf2\xb1\x8et\xee\x14|\xc8\xb7LPbWU\xc03\x14+ \x14\x14\x8cU\x1b\xc0\x81\xbcWY\x82\xdf\xd2\xd9\xeav\xd5m\x07Z\xaf\xd6C\x9b\x7fTc\x1b\x0fRw\x87H\x848i\x7f\x15?\x8b\xb1\x05\x91i)0\xd3\t1\xc8p\xa6W\x8f\xdeLL\xb1S\xad\xc7\xda\xf0\xc9\xda\x08r\xaa\x15\xd9i\xe2\x12\xf0coZ\xcf\xa3D\x1b\x9c\xd5\x80\xb9\x97mF\x18\x8e\xbbm\n,\x9b\xe2\xb7\xbc]\xb6"o\xd7\xe64\x99;" \xec\xb0G\xd6\xf6\\\xe4X\x1e\xa6F\x94\x82N\x8fh\xc1_+Z\xef\x9cl=C\x88\x8b\xf7\xc4\xe1\x15\xe8?Ih\x81o\x06\x07/\xdb\xc1*\xbd\xa7^\xfd?\xecP\x93o`p"\x0fx\x16\xaf\xd3p\x9f6B\x06\x8a\x19q\x9aid\x82S\xad\x9bD>\xdf\xab\xb4\xb1\n;2N_\xadb\x96,\x13\xc2\x81\x91D\xfc\x88\xf1\xa90\x99Pv\xae\x06\x18\x8a3\r"m\xd0\xa1\xb2UUO\x1e\xccd\xbb6\x13\xd9\xe3\xec\xf41M\x8e\xd5\xb2\xc4\xb6\x0e\xb1N\x91\xf3f\x0c\x96\xe6\xa6\xca\x1b\x8d\xcb\xe8nP]1\x94\xccd\xb6v\xe9y\xd2q\x05\xc4\xb5\xdc\x16\x81\x800(v\x90\xae\x1dF\x16\xcb\xbcYX.\xa3\x9b\xfb\x138S\x83\x1e,\xe5,Y\x8b\x11-\t\xd6\xbc\x89C\x10\xa0\x85\xf16X\x03^\x8e\xbc\x13\xb6\x01Qd\x05'

