Correct
file1 readback does not match data written
