Correct
file1 readback does not match data written
total allocated datablocks on all disks: found 13 expected either 12 or 14.
